// Jest Snapshot v1, https://goo.gl/fbAQLP

exports[`Pruebas en <MultipleCustomHooks /> should de mostrar correctamente el snapshot 1`] = `
<div>
  <h1>
     Breaking Bad Quotes 
  </h1>
  <hr />
  <div
    className="alert alert-info text-center"
  >
    Loading...
  </div>
  <button
    className="btn btn-primary"
    onClick={[Function]}
  >
    Next quote 🢂
  </button>
</div>
`;
